---
source: grammar/src/lib.rs
expression: build(input)
---
Ok(
    Grammar {
        rules: {
            RuleId(
                0,
            ): Rule {
                name: "expr",
                alts: [
                    [
                        Rule(
                            RuleId(
                                0,
                            ),
                        ),
                        Token(
                            TokenId(
                                0,
                            ),
                        ),
                        Rule(
                            RuleId(
                                0,
                            ),
                        ),
                    ],
                    [
                        Rule(
                            RuleId(
                                0,
                            ),
                        ),
                        Token(
                            TokenId(
                                1,
                            ),
                        ),
                        Rule(
                            RuleId(
                                0,
                            ),
                        ),
                    ],
                    [
                        Rule(
                            RuleId(
                                0,
                            ),
                        ),
                        Token(
                            TokenId(
                                2,
                            ),
                        ),
                        Rule(
                            RuleId(
                                0,
                            ),
                        ),
                    ],
                    [
                        Rule(
                            RuleId(
                                0,
                            ),
                        ),
                        Token(
                            TokenId(
                                3,
                            ),
                        ),
                        Rule(
                            RuleId(
                                0,
                            ),
                        ),
                    ],
                    [
                        Rule(
                            RuleId(
                                1,
                            ),
                        ),
                    ],
                ],
            },
            RuleId(
                1,
            ): Rule {
                name: "factor",
                alts: [
                    [
                        Token(
                            TokenId(
                                7,
                            ),
                        ),
                    ],
                    [
                        Token(
                            TokenId(
                                4,
                            ),
                        ),
                        Rule(
                            RuleId(
                                0,
                            ),
                        ),
                        Token(
                            TokenId(
                                5,
                            ),
                        ),
                    ],
                    [
                        Token(
                            TokenId(
                                1,
                            ),
                        ),
                        Token(
                            TokenId(
                                7,
                            ),
                        ),
                    ],
                    [
                        Token(
                            TokenId(
                                8,
                            ),
                        ),
                    ],
                    [
                        Token(
                            TokenId(
                                8,
                            ),
                        ),
                        Token(
                            TokenId(
                                4,
                            ),
                        ),
                        Rule(
                            RuleId(
                                2,
                            ),
                        ),
                        Token(
                            TokenId(
                                5,
                            ),
                        ),
                    ],
                    [
                        Token(
                            TokenId(
                                8,
                            ),
                        ),
                        Token(
                            TokenId(
                                4,
                            ),
                        ),
                        Token(
                            TokenId(
                                5,
                            ),
                        ),
                    ],
                ],
            },
            RuleId(
                2,
            ): Rule {
                name: "param_list",
                alts: [
                    [
                        Rule(
                            RuleId(
                                0,
                            ),
                        ),
                    ],
                    [
                        Rule(
                            RuleId(
                                2,
                            ),
                        ),
                        Token(
                            TokenId(
                                6,
                            ),
                        ),
                        Rule(
                            RuleId(
                                0,
                            ),
                        ),
                    ],
                ],
            },
        },
        start_rules: {
            RuleId(
                0,
            ),
        },
        rule_names: {
            RuleId(
                0,
            ) <> "expr",
            RuleId(
                2,
            ) <> "param_list",
            RuleId(
                1,
            ) <> "factor",
        },
        lexer: Lexer {
            dfa: Dfa {
                start: 1,
                transitions: {
                    (
                        State(1),
                        7,
                    ): State(2),
                    (
                        State(1),
                        9,
                    ): State(3),
                    (
                        State(1),
                        6,
                    ): State(4),
                    (
                        State(1),
                        11,
                    ): State(5),
                    (
                        State(1),
                        4,
                    ): State(6),
                    (
                        State(1),
                        5,
                    ): State(7),
                    (
                        State(1),
                        8,
                    ): State(8),
                    (
                        State(1),
                        18,
                    ): State(9),
                    (
                        State(1),
                        14,
                    ): State(9),
                    (
                        State(1),
                        2,
                    ): State(10),
                    (
                        State(1),
                        0,
                    ): State(10),
                    (
                        State(1),
                        12,
                    ): State(11),
                    (
                        State(9),
                        12,
                    ): State(12),
                    (
                        State(9),
                        18,
                    ): State(12),
                    (
                        State(9),
                        14,
                    ): State(12),
                    (
                        State(9),
                        16,
                    ): State(12),
                    (
                        State(11),
                        12,
                    ): State(13),
                    (
                        State(11),
                        10,
                    ): State(14),
                    (
                        State(12),
                        12,
                    ): State(12),
                    (
                        State(12),
                        18,
                    ): State(12),
                    (
                        State(12),
                        14,
                    ): State(12),
                    (
                        State(12),
                        16,
                    ): State(12),
                    (
                        State(13),
                        12,
                    ): State(13),
                    (
                        State(13),
                        10,
                    ): State(14),
                    (
                        State(14),
                        12,
                    ): State(15),
                    (
                        State(15),
                        12,
                    ): State(15),
                },
                accept_states: {
                    State(2): TokenId(
                        0,
                    ),
                    State(3): TokenId(
                        1,
                    ),
                    State(4): TokenId(
                        2,
                    ),
                    State(5): TokenId(
                        3,
                    ),
                    State(6): TokenId(
                        4,
                    ),
                    State(7): TokenId(
                        5,
                    ),
                    State(8): TokenId(
                        6,
                    ),
                    State(9): TokenId(
                        8,
                    ),
                    State(10): TokenId(
                        9,
                    ),
                    State(11): TokenId(
                        7,
                    ),
                    State(12): TokenId(
                        8,
                    ),
                    State(13): TokenId(
                        7,
                    ),
                    State(14): TokenId(
                        7,
                    ),
                    State(15): TokenId(
                        7,
                    ),
                },
            },
            char_intervals: [
                10,
                11,
                32,
                33,
                40,
                41,
                42,
                43,
                44,
                45,
                46,
                47,
                48,
                58,
                65,
                91,
                95,
                96,
                97,
                123,
            ],
            token_names: {
                TokenId(
                    0,
                ) <> "PLUS",
                TokenId(
                    2,
                ) <> "MUL",
                TokenId(
                    8,
                ) <> "IDENT",
                TokenId(
                    3,
                ) <> "DIV",
                TokenId(
                    7,
                ) <> "NUMBER",
                TokenId(
                    6,
                ) <> "COMMA",
                TokenId(
                    4,
                ) <> "LPAREN",
                TokenId(
                    1,
                ) <> "MINUS",
                TokenId(
                    5,
                ) <> "RPAREN",
            },
        },
    },
)
