---
source: grammar/src/lexer.rs
expression: tokens
---
[
    Ok(
        Token {
            kind: TokenId(
                0,
            ),
            text: "123",
            start: 2,
            end: 5,
        },
    ),
    Ok(
        Token {
            kind: TokenId(
                0,
            ),
            text: "456",
            start: 7,
            end: 10,
        },
    ),
    Ok(
        Token {
            kind: TokenId(
                0,
            ),
            text: "0127401",
            start: 28,
            end: 35,
        },
    ),
    Ok(
        Token {
            kind: TokenId(
                0,
            ),
            text: "5768",
            start: 41,
            end: 45,
        },
    ),
]
