---
source: grammar/src/grammar/lower.rs
expression: lowered
---
LoweredGrammar {
    prods: [
        Production {
            nt: NonterminalId(
                2,
            ),
            kind: Ordinary,
            symbols: [],
            prec: None,
            action: None,
        },
        Production {
            nt: NonterminalId(
                2,
            ),
            kind: Ordinary,
            symbols: [
                Token(
                    TokenId(
                        0,
                    ),
                ),
            ],
            prec: None,
            action: None,
        },
        Production {
            nt: NonterminalId(
                3,
            ),
            kind: RepetitionEpsilon,
            symbols: [],
            prec: None,
            action: None,
        },
        Production {
            nt: NonterminalId(
                3,
            ),
            kind: RepetitionRest,
            symbols: [
                Nonterminal(
                    NonterminalId(
                        3,
                    ),
                ),
                Nonterminal(
                    NonterminalId(
                        1,
                    ),
                ),
                Nonterminal(
                    NonterminalId(
                        2,
                    ),
                ),
            ],
            prec: None,
            action: None,
        },
        Production {
            nt: NonterminalId(
                4,
            ),
            kind: RepetitionFirst,
            symbols: [
                Token(
                    TokenId(
                        0,
                    ),
                ),
                Nonterminal(
                    NonterminalId(
                        1,
                    ),
                ),
            ],
            prec: None,
            action: None,
        },
        Production {
            nt: NonterminalId(
                4,
            ),
            kind: RepetitionRest,
            symbols: [
                Nonterminal(
                    NonterminalId(
                        4,
                    ),
                ),
                Token(
                    TokenId(
                        0,
                    ),
                ),
                Nonterminal(
                    NonterminalId(
                        1,
                    ),
                ),
            ],
            prec: None,
            action: None,
        },
        Production {
            nt: NonterminalId(
                0,
            ),
            kind: Ordinary,
            symbols: [
                Token(
                    TokenId(
                        0,
                    ),
                ),
                Nonterminal(
                    NonterminalId(
                        3,
                    ),
                ),
                Token(
                    TokenId(
                        0,
                    ),
                ),
            ],
            prec: None,
            action: None,
        },
        Production {
            nt: NonterminalId(
                0,
            ),
            kind: Ordinary,
            symbols: [
                Nonterminal(
                    NonterminalId(
                        4,
                    ),
                ),
            ],
            prec: None,
            action: None,
        },
        Production {
            nt: NonterminalId(
                1,
            ),
            kind: Ordinary,
            symbols: [
                Token(
                    TokenId(
                        0,
                    ),
                ),
            ],
            prec: None,
            action: None,
        },
        Production {
            nt: NonterminalId(
                1,
            ),
            kind: Ordinary,
            symbols: [],
            prec: None,
            action: None,
        },
    ],
    start_nts: {
        NonterminalId(
            0,
        ),
    },
    nts: {
        NonterminalId(
            2,
        ): LoweredNonterminal {
            name: "(A)?",
            range: 0..2,
            ty: None,
            kind: Optional,
        },
        NonterminalId(
            3,
        ): LoweredNonterminal {
            name: "(atom (A)?)*",
            range: 2..4,
            ty: None,
            kind: Repetition,
        },
        NonterminalId(
            4,
        ): LoweredNonterminal {
            name: "(A atom)+",
            range: 4..6,
            ty: None,
            kind: Repetition,
        },
        NonterminalId(
            0,
        ): LoweredNonterminal {
            name: "top",
            range: 6..8,
            ty: None,
            kind: User,
        },
        NonterminalId(
            1,
        ): LoweredNonterminal {
            name: "atom",
            range: 8..10,
            ty: None,
            kind: User,
        },
    },
    lexer: Some(
        Lexer {
            dfa: TabularDfa {
                start: 0,
                state_disp: [
                    0,
                    0,
                    0,
                ],
                transitions: [
                    (
                        0,
                        0,
                    ),
                    (
                        0,
                        2,
                    ),
                ],
                accept_states: {
                    State(1): TokenId(
                        0,
                    ),
                },
            },
            char_intervals: [
                0,
                97,
                98,
            ],
            skip: {},
        },
    ),
    tokens: {
        TokenId(
            0,
        ): "A",
    },
    token_precs: {},
    user_code: [],
    user_state: [],
}
