---
source: lr/src/first.rs
expression: first
---
[
    NonterminalFirst {
        first: {
            2,
            3,
        },
        nullable: false,
    },
    NonterminalFirst {
        first: {
            2,
            3,
        },
        nullable: false,
    },
    NonterminalFirst {
        first: {
            0,
        },
        nullable: true,
    },
    NonterminalFirst {
        first: {
            2,
            3,
        },
        nullable: false,
    },
    NonterminalFirst {
        first: {
            1,
        },
        nullable: true,
    },
    NonterminalFirst {
        first: {
            2,
            3,
        },
        nullable: false,
    },
]
