---
source: lr/src/lalr.rs
expression: builder.action_goto()
---
[
    [
        2,
        5,
        0,
        3,
        4,
        0,
    ],
    [
        2,
        5,
        0,
        0,
        7,
        0,
    ],
    [
        0,
        0,
        -2147483648,
        0,
        0,
        0,
    ],
    [
        2,
        5,
        0,
        0,
        6,
        0,
    ],
    [
        -3,
        -3,
        -3,
        0,
        0,
        0,
    ],
    [
        0,
        0,
        -1,
        0,
        0,
        0,
    ],
    [
        -2,
        -2,
        -2,
        0,
        0,
        0,
    ],
]
