---
source: lr/src/slr.rs
expression: builder.states()
---
State 0 (start)
_E -> . E $
E -> . E minus E
E -> . E mult E
E -> . E pow E
E -> . E equal E
E -> . minus E
E -> . lparen E rparen
E -> . num

State 1
_E -> E . $
E -> E . minus E
E -> E . mult E
E -> E . pow E
E -> E . equal E

State 2
E -> . E minus E
E -> . E mult E
E -> . E pow E
E -> . E equal E
E -> . minus E
E -> . lparen E rparen
E -> . num
E -> minus . E

State 3
E -> . E minus E
E -> . E mult E
E -> . E pow E
E -> . E equal E
E -> . minus E
E -> . lparen E rparen
E -> . num
E -> lparen . E rparen

State 4
E -> num .

State 5
E -> . E minus E
E -> . E mult E
E -> . E pow E
E -> . E equal E
E -> . minus E
E -> . lparen E rparen
E -> . num
E -> E minus . E

State 6
E -> . E minus E
E -> . E mult E
E -> . E pow E
E -> . E equal E
E -> . minus E
E -> . lparen E rparen
E -> . num
E -> E mult . E

State 7
E -> . E minus E
E -> . E mult E
E -> . E pow E
E -> . E equal E
E -> . minus E
E -> . lparen E rparen
E -> . num
E -> E pow . E

State 8
E -> . E minus E
E -> . E mult E
E -> . E pow E
E -> . E equal E
E -> . minus E
E -> . lparen E rparen
E -> . num
E -> E equal . E

State 9
E -> E . minus E
E -> E . mult E
E -> E . pow E
E -> E . equal E
E -> minus E .

State 10
E -> E . minus E
E -> E . mult E
E -> E . pow E
E -> E . equal E
E -> lparen E . rparen

State 11
E -> E . minus E
E -> E . mult E
E -> E . pow E
E -> E . equal E
E -> E minus E .

State 12
E -> E . minus E
E -> E . mult E
E -> E . pow E
E -> E . equal E
E -> E mult E .

State 13
E -> E . minus E
E -> E . mult E
E -> E . pow E
E -> E . equal E
E -> E pow E .

State 14
E -> E . minus E
E -> E . mult E
E -> E . pow E
E -> E . equal E
E -> E equal E .

State 15
E -> lparen E rparen .


