---
source: lr/src/first.rs
expression: first
---
FirstAndNullable {
    first: {
        NonterminalId(
            0,
        ): {
            0,
            1,
            2,
            4,
        },
        NonterminalId(
            1,
        ): {
            0,
            1,
            2,
            4,
        },
        NonterminalId(
            2,
        ): {
            6,
        },
    },
    nullable: {
        1,
        2,
    },
}
