---
source: lr/src/first.rs
expression: first
---
[
    NonterminalFirst {
        first: {
            0,
            1,
            2,
            4,
        },
        nullable: false,
    },
    NonterminalFirst {
        first: {
            0,
            1,
            2,
            4,
        },
        nullable: true,
    },
    NonterminalFirst {
        first: {
            6,
        },
        nullable: true,
    },
]
