---
source: lr/src/first.rs
expression: first
---
FirstAndNullable {
    first: {
        NonterminalId(
            5,
        ): {
            2,
            3,
        },
        NonterminalId(
            3,
        ): {
            2,
            3,
        },
        NonterminalId(
            1,
        ): {
            2,
            3,
        },
        NonterminalId(
            0,
        ): {
            2,
            3,
        },
        NonterminalId(
            2,
        ): {
            0,
        },
        NonterminalId(
            4,
        ): {
            1,
        },
    },
    nullable: {
        2,
        4,
    },
}
