---
source: grammar/grammar_parser/src/lex.rs
expression: result
---
[
    Ok(
        (
            0,
            Token {
                kind: Newline,
                text: "\n",
            },
            1,
        ),
    ),
    Ok(
        (
            1,
            Token {
                kind: Percent,
                text: "%",
            },
            2,
        ),
    ),
    Ok(
        (
            2,
            Token {
                kind: Percent,
                text: "%",
            },
            3,
        ),
    ),
    Ok(
        (
            4,
            Token {
                kind: Ident,
                text: "web",
            },
            7,
        ),
    ),
    Ok(
        (
            8,
            Token {
                kind: Regex,
                text: "/\\d+[0-9]\\//",
            },
            20,
        ),
    ),
    Ok(
        (
            29,
            Token {
                kind: Newline,
                text: "\n",
            },
            30,
        ),
    ),
    Ok(
        (
            30,
            Token {
                kind: Indent,
                text: "    ",
            },
            34,
        ),
    ),
    Ok(
        (
            34,
            Token {
                kind: Or,
                text: "|",
            },
            35,
        ),
    ),
    Ok(
        (
            36,
            Token {
                kind: Token,
                text: "token",
            },
            41,
        ),
    ),
    Ok(
        (
            41,
            Token {
                kind: Comma,
                text: ",",
            },
            42,
        ),
    ),
    Ok(
        (
            42,
            Token {
                kind: Start,
                text: "start",
            },
            47,
        ),
    ),
    Ok(
        (
            49,
            Token {
                kind: Newline,
                text: "\n",
            },
            50,
        ),
    ),
    Ok(
        (
            50,
            Token {
                kind: Newline,
                text: "\n",
            },
            51,
        ),
    ),
    Ok(
        (
            51,
            Token {
                kind: Indent,
                text: "  ",
            },
            53,
        ),
    ),
    Ok(
        (
            53,
            Token {
                kind: Assign,
                text: "=",
            },
            54,
        ),
    ),
    Ok(
        (
            56,
            Token {
                kind: LParen,
                text: "(",
            },
            57,
        ),
    ),
    Ok(
        (
            58,
            Token {
                kind: Ident,
                text: "Ax3_",
            },
            62,
        ),
    ),
    Ok(
        (
            63,
            Token {
                kind: RParen,
                text: ")",
            },
            64,
        ),
    ),
    Ok(
        (
            64,
            Token {
                kind: Newline,
                text: "\n",
            },
            65,
        ),
    ),
    Ok(
        (
            68,
            Token {
                kind: Newline,
                text: "\n",
            },
            69,
        ),
    ),
]
