---
source: grammar/src/grammar_parser/lex.rs
expression: result
---
[
    Ok(
        (
            0,
            Token {
                kind: Separator,
                text: "",
            },
            0,
        ),
    ),
    Ok(
        (
            0,
            Token {
                kind: Percent,
                text: "%",
            },
            1,
        ),
    ),
    Ok(
        (
            1,
            Token {
                kind: Percent,
                text: "%",
            },
            2,
        ),
    ),
    Ok(
        (
            3,
            Token {
                kind: Ident,
                text: "web",
            },
            6,
        ),
    ),
    Ok(
        (
            7,
            Token {
                kind: Regex,
                text: "/\\d+\\\\[0-9]\\//",
            },
            21,
        ),
    ),
    Ok(
        (
            35,
            Token {
                kind: Or,
                text: "|",
            },
            36,
        ),
    ),
    Ok(
        (
            37,
            Token {
                kind: Token,
                text: "token",
            },
            42,
        ),
    ),
    Ok(
        (
            42,
            Token {
                kind: Comma,
                text: ",",
            },
            43,
        ),
    ),
    Ok(
        (
            43,
            Token {
                kind: Start,
                text: "start",
            },
            48,
        ),
    ),
    Ok(
        (
            54,
            Token {
                kind: Assign,
                text: "=",
            },
            55,
        ),
    ),
    Ok(
        (
            57,
            Token {
                kind: LParen,
                text: "(",
            },
            58,
        ),
    ),
    Ok(
        (
            59,
            Token {
                kind: Ident,
                text: "Ax3_",
            },
            63,
        ),
    ),
    Ok(
        (
            64,
            Token {
                kind: RParen,
                text: ")",
            },
            65,
        ),
    ),
    Ok(
        (
            66,
            Token {
                kind: String,
                text: "\"abcdef\"",
            },
            74,
        ),
    ),
    Ok(
        (
            75,
            Token {
                kind: Ident,
                text: "foo-bar\'\'",
            },
            84,
        ),
    ),
]
