---
source: grammar/src/lexer/build.rs
expression: "(char_intervals.iter().enumerate().collect::<Vec<_>>(), nfa, dfa)"
---
(
    [
        (
            0,
            46,
        ),
        (
            1,
            47,
        ),
        (
            2,
            48,
        ),
        (
            3,
            58,
        ),
    ],
    Nfa {
        transitions: {
            (
                State(0),
                None,
            ): {
                State(1),
            },
            (
                State(1),
                Some(
                    2,
                ),
            ): {
                State(2),
            },
            (
                State(2),
                None,
            ): {
                State(1),
                State(4),
            },
            (
                State(2),
                Some(
                    0,
                ),
            ): {
                State(3),
            },
            (
                State(3),
                None,
            ): {
                State(4),
            },
            (
                State(4),
                Some(
                    2,
                ),
            ): {
                State(5),
            },
            (
                State(5),
                None,
            ): {
                State(4),
            },
        },
        alphabets: {
            State(1): {
                2,
            },
            State(2): {
                0,
            },
            State(4): {
                2,
            },
        },
        accept_states: {
            State(4): (
                18446744073709551603,
                TokenId(
                    0,
                ),
            ),
        },
    },
    Dfa {
        start: 0,
        transitions: {
            (
                State(0),
                2,
            ): State(1),
            (
                State(1),
                2,
            ): State(2),
            (
                State(1),
                0,
            ): State(3),
            (
                State(2),
                2,
            ): State(2),
            (
                State(2),
                0,
            ): State(3),
            (
                State(3),
                2,
            ): State(4),
            (
                State(4),
                2,
            ): State(4),
        },
        accept_states: {
            State(1): TokenId(
                0,
            ),
            State(2): TokenId(
                0,
            ),
            State(3): TokenId(
                0,
            ),
            State(4): TokenId(
                0,
            ),
        },
    },
)
