---
source: grammar/src/lexer/powerset_cons.rs
expression: "(nfa, dfa)"
---
(
    Nfa {
        transitions: {
            (
                State(1),
                None,
            ): {
                State(2),
                State(5),
                State(8),
                State(12),
            },
            (
                State(2),
                Some(
                    'i',
                ),
            ): {
                State(3),
            },
            (
                State(3),
                Some(
                    'f',
                ),
            ): {
                State(4),
            },
            (
                State(5),
                Some(
                    'i',
                ),
            ): {
                State(6),
            },
            (
                State(6),
                Some(
                    'n',
                ),
            ): {
                State(7),
            },
            (
                State(8),
                Some(
                    'i',
                ),
            ): {
                State(9),
            },
            (
                State(9),
                Some(
                    'n',
                ),
            ): {
                State(10),
            },
            (
                State(10),
                Some(
                    't',
                ),
            ): {
                State(11),
            },
            (
                State(12),
                Some(
                    'i',
                ),
            ): {
                State(13),
            },
            (
                State(12),
                Some(
                    'n',
                ),
            ): {
                State(13),
            },
            (
                State(12),
                Some(
                    't',
                ),
            ): {
                State(13),
            },
            (
                State(12),
                Some(
                    'f',
                ),
            ): {
                State(13),
            },
            (
                State(12),
                Some(
                    'a',
                ),
            ): {
                State(13),
            },
            (
                State(12),
                Some(
                    'b',
                ),
            ): {
                State(13),
            },
            (
                State(13),
                Some(
                    'i',
                ),
            ): {
                State(13),
            },
            (
                State(13),
                Some(
                    'n',
                ),
            ): {
                State(13),
            },
            (
                State(13),
                Some(
                    't',
                ),
            ): {
                State(13),
            },
            (
                State(13),
                Some(
                    'f',
                ),
            ): {
                State(13),
            },
            (
                State(13),
                Some(
                    'a',
                ),
            ): {
                State(13),
            },
            (
                State(13),
                Some(
                    'b',
                ),
            ): {
                State(13),
            },
        },
        alphabets: {
            State(2): {
                'i',
            },
            State(3): {
                'f',
            },
            State(5): {
                'i',
            },
            State(6): {
                'n',
            },
            State(8): {
                'i',
            },
            State(9): {
                'n',
            },
            State(10): {
                't',
            },
            State(12): {
                'i',
                'n',
                't',
                'f',
                'a',
                'b',
            },
            State(13): {
                'i',
                'n',
                't',
                'f',
                'a',
                'b',
            },
        },
        accept_states: {
            State(4): (
                0,
                "if",
            ),
            State(7): (
                0,
                "in",
            ),
            State(11): (
                0,
                "int",
            ),
            State(13): (
                0,
                "ID",
            ),
        },
    },
    Dfa {
        start: 1,
        transitions: {
            (
                State(1),
                'i',
            ): State(2),
            (
                State(1),
                'n',
            ): State(3),
            (
                State(1),
                't',
            ): State(3),
            (
                State(1),
                'f',
            ): State(3),
            (
                State(1),
                'a',
            ): State(3),
            (
                State(1),
                'b',
            ): State(3),
            (
                State(2),
                'f',
            ): State(4),
            (
                State(2),
                'n',
            ): State(5),
            (
                State(2),
                'i',
            ): State(3),
            (
                State(2),
                't',
            ): State(3),
            (
                State(2),
                'a',
            ): State(3),
            (
                State(2),
                'b',
            ): State(3),
            (
                State(3),
                'i',
            ): State(3),
            (
                State(3),
                'n',
            ): State(3),
            (
                State(3),
                't',
            ): State(3),
            (
                State(3),
                'f',
            ): State(3),
            (
                State(3),
                'a',
            ): State(3),
            (
                State(3),
                'b',
            ): State(3),
            (
                State(4),
                'i',
            ): State(3),
            (
                State(4),
                'n',
            ): State(3),
            (
                State(4),
                't',
            ): State(3),
            (
                State(4),
                'f',
            ): State(3),
            (
                State(4),
                'a',
            ): State(3),
            (
                State(4),
                'b',
            ): State(3),
            (
                State(5),
                't',
            ): State(6),
            (
                State(5),
                'i',
            ): State(3),
            (
                State(5),
                'n',
            ): State(3),
            (
                State(5),
                'f',
            ): State(3),
            (
                State(5),
                'a',
            ): State(3),
            (
                State(5),
                'b',
            ): State(3),
            (
                State(6),
                'i',
            ): State(3),
            (
                State(6),
                'n',
            ): State(3),
            (
                State(6),
                't',
            ): State(3),
            (
                State(6),
                'f',
            ): State(3),
            (
                State(6),
                'a',
            ): State(3),
            (
                State(6),
                'b',
            ): State(3),
        },
        accept_states: {
            State(2): "ID",
            State(3): "ID",
            State(4): "if",
            State(5): "in",
            State(6): "int",
        },
    },
)
