---
source: lr/src/slr/build.rs
expression: builder.states()
---
State 0 (start)
_E -> . E $
E -> . T E'
T -> . F T'
F -> . num
F -> . lparen E rparen

State 1
_E -> E . $

State 2
E -> T . E'
E' -> . plus T E'
E' -> .

State 3
T -> F . T'
T' -> . mult F T'
T' -> .

State 4
F -> num .

State 5
E -> . T E'
T -> . F T'
F -> . num
F -> . lparen E rparen
F -> lparen . E rparen

State 6
E -> T E' .

State 7
T -> . F T'
F -> . num
F -> . lparen E rparen
E' -> plus . T E'

State 8
T -> F T' .

State 9
F -> . num
F -> . lparen E rparen
T' -> mult . F T'

State 10
F -> lparen E . rparen

State 11
E' -> . plus T E'
E' -> .
E' -> plus T . E'

State 12
T' -> . mult F T'
T' -> .
T' -> mult F . T'

State 13
F -> lparen E rparen .

State 14
E' -> plus T E' .

State 15
T' -> mult F T' .


